Aba 0 0
Dudu 0 0
Genia 0 0
Hello 0 0
Ima 0 0
Imaa 0 0
Imaaa 0 0
Moshe 0 0
Noam 0 0
everyOne 0 0
imA 0 0
