Holy 0 5
A 0 2
AA 0 2
AB 0 1
ABC 0 1
B 0 1
BB 0 1
BBB 0 1
Eden 0 1
