imA
Hello
Moshe
Ima
Imaa
Aba
Noam
Dudu
everyOne
Imaaa
Genia

